[bokchoybuddhaboii.com/index.html]
[backblue.gif]
[fade.gif]
[index.html]
[bokchoybuddhaboii.com/onewebstatic/b445347cdb-icon.ico]
[bokchoybuddhaboii.com/onewebstatic/e4c0e8f2b9.css]
[bokchoybuddhaboii.com/onewebstatic/e0115c0b02.css]
[bokchoybuddhaboii.com/onewebstatic/5f4fa206c7.js]
[bokchoybuddhaboii.com/index-2.html]
[bokchoybuddhaboii.com/games.html]
[bokchoybuddhaboii.com/onewebstatic/aeb1d48517-pls.png]
[bokchoybuddhaboii.com/onewebstatic/e68e8dc849-1431505926211.jpg]
[bokchoybuddhaboii.com/index.html]
[bokchoybuddhaboii.com/onewebstatic/59900cd166.png]
[bokchoybuddhaboii.com/onewebstatic/e4c0e8f2b9.css]
[bokchoybuddhaboii.com/onewebstatic/bbfd7b49dc.gif]
[bokchoybuddhaboii.com/onewebstatic/e0115c0b02.css]
[bokchoybuddhaboii.com/index-2.html]
[bokchoybuddhaboii.com/onewebstatic/bcce22e55b.css]
[bokchoybuddhaboii.com/onewebstatic/bd8ad1fa10-dingus.png]
[bokchoybuddhaboii.com/onewebstatic/7657429ada-icon.png]
[bokchoybuddhaboii.com/onewebstatic/923b2d5c8d-git.png]
[bokchoybuddhaboii.com/onewebstatic/821c369db8-pls.png]
[bokchoybuddhaboii.com/onewebstatic/5cb5646839.js]
[bokchoybuddhaboii.com/games.html]
[bokchoybuddhaboii.com/onewebstatic/bcce22e55b.css]
